{"slug":"neural-networks","width":1440,"stages":19,"pairs":0,"clipped":0}
{"slug":"neural-networks","width":430,"stages":19,"pairs":0,"clipped":0}
{"slug":"neural-networks","width":320,"stages":19,"pairs":0,"clipped":0}
{"slug":"deep-learning","width":1440,"stages":12,"pairs":0,"clipped":0}
{"slug":"deep-learning","width":430,"stages":12,"pairs":0,"clipped":0}
{"slug":"deep-learning","width":320,"stages":12,"pairs":0,"clipped":0}
{"slug":"random-forest","width":1440,"stages":9,"pairs":0,"clipped":0}
{"slug":"random-forest","width":430,"stages":9,"pairs":0,"clipped":0}
{"slug":"random-forest","width":320,"stages":9,"pairs":0,"clipped":0}
{"slug":"anova","width":1440,"stages":16,"pairs":0,"clipped":0}
{"slug":"anova","width":430,"stages":16,"pairs":0,"clipped":0}
{"slug":"anova","width":320,"stages":16,"pairs":0,"clipped":0}
{"slug":"simple-linear-regression","width":1440,"stages":8,"pairs":0,"clipped":0}
{"slug":"simple-linear-regression","width":430,"stages":8,"pairs":0,"clipped":0}
{"slug":"simple-linear-regression","width":320,"stages":8,"pairs":0,"clipped":0}
{"slug":"kmeans","width":1440,"stages":9,"pairs":0,"clipped":0}
{"slug":"kmeans","width":430,"stages":9,"pairs":0,"clipped":0}
{"slug":"kmeans","width":320,"stages":9,"pairs":0,"clipped":0}
{"slug":"naive-bayes","width":1440,"stages":12,"pairs":0,"clipped":0}
{"slug":"naive-bayes","width":430,"stages":12,"pairs":0,"clipped":0}
{"slug":"naive-bayes","width":320,"stages":12,"pairs":0,"clipped":0}
{"slug":"evaluation-metrics","width":1440,"stages":9,"pairs":0,"clipped":0}
{"slug":"evaluation-metrics","width":430,"stages":9,"pairs":0,"clipped":0}
{"slug":"evaluation-metrics","width":320,"stages":9,"pairs":0,"clipped":0}
{"slug":"correlation","width":1440,"stages":10,"pairs":0,"clipped":0}
{"slug":"correlation","width":430,"stages":10,"pairs":0,"clipped":0}
{"slug":"correlation","width":320,"stages":10,"pairs":0,"clipped":0}
{"slug":"chi-square","width":1440,"stages":7,"pairs":0,"clipped":0}
{"slug":"chi-square","width":430,"stages":7,"pairs":0,"clipped":0}
{"slug":"chi-square","width":320,"stages":7,"pairs":0,"clipped":0}
{"slug":"time-series-analysis","width":1440,"stages":10,"pairs":0,"clipped":0}
{"slug":"time-series-analysis","width":430,"stages":10,"pairs":0,"clipped":0}
{"slug":"time-series-analysis","width":320,"stages":10,"pairs":0,"clipped":0}
{"slug":"probability-sampling","width":1440,"stages":9,"pairs":0,"clipped":0}
{"slug":"probability-sampling","width":430,"stages":9,"pairs":0,"clipped":0}
{"slug":"probability-sampling","width":320,"stages":9,"pairs":0,"clipped":0}
{"slug":"confidence-hypothesis-testing","width":1440,"stages":9,"pairs":0,"clipped":0}
{"slug":"confidence-hypothesis-testing","width":430,"stages":9,"pairs":0,"clipped":0}
{"slug":"confidence-hypothesis-testing","width":320,"stages":9,"pairs":0,"clipped":0}
{"slug":"multiple-linear-regression","width":1440,"stages":9,"pairs":0,"clipped":0}
{"slug":"multiple-linear-regression","width":430,"stages":9,"pairs":0,"clipped":0}
{"slug":"multiple-linear-regression","width":320,"stages":9,"pairs":0,"clipped":0}
{"slug":"polynomial-regression","width":1440,"stages":8,"pairs":0,"clipped":0}
{"slug":"polynomial-regression","width":430,"stages":8,"pairs":0,"clipped":0}
{"slug":"polynomial-regression","width":320,"stages":8,"pairs":0,"clipped":0}
{"slug":"regression-diagnostics","width":1440,"stages":9,"pairs":0,"clipped":0}
{"slug":"regression-diagnostics","width":430,"stages":9,"pairs":0,"clipped":0}
{"slug":"regression-diagnostics","width":320,"stages":9,"pairs":0,"clipped":0}
{"slug":"bias-variance","width":1440,"stages":12,"pairs":0,"clipped":0}
{"slug":"bias-variance","width":430,"stages":12,"pairs":0,"clipped":0}
{"slug":"bias-variance","width":320,"stages":12,"pairs":0,"clipped":0}
{"slug":"model-selection","width":1440,"stages":12,"pairs":0,"clipped":0}
{"slug":"model-selection","width":430,"stages":12,"pairs":0,"clipped":0}
{"slug":"model-selection","width":320,"stages":12,"pairs":0,"clipped":0}
{"slug":"logistic-regression","width":1440,"stages":10,"pairs":0,"clipped":0}
{"slug":"logistic-regression","width":430,"stages":10,"pairs":0,"clipped":0}
{"slug":"logistic-regression","width":320,"stages":10,"pairs":0,"clipped":0}
{"slug":"knn","width":1440,"stages":14,"pairs":0,"clipped":0}
{"slug":"knn","width":430,"stages":14,"pairs":0,"clipped":0}
{"slug":"knn","width":320,"stages":14,"pairs":0,"clipped":0}
{"slug":"lda","width":1440,"stages":15,"pairs":0,"clipped":0}
{"slug":"lda","width":430,"stages":15,"pairs":0,"clipped":0}
{"slug":"lda","width":320,"stages":15,"pairs":0,"clipped":0}
{"slug":"qda","width":1440,"stages":10,"pairs":0,"clipped":0}
{"slug":"qda","width":430,"stages":10,"pairs":0,"clipped":0}
{"slug":"qda","width":320,"stages":10,"pairs":0,"clipped":0}
{"slug":"support-vector-machine","width":1440,"stages":14,"pairs":0,"clipped":0}
{"slug":"support-vector-machine","width":430,"stages":14,"pairs":0,"clipped":0}
{"slug":"support-vector-machine","width":320,"stages":14,"pairs":0,"clipped":0}
{"slug":"one-r","width":1440,"stages":12,"pairs":0,"clipped":0}
{"slug":"one-r","width":430,"stages":12,"pairs":0,"clipped":0}
{"slug":"one-r","width":320,"stages":12,"pairs":0,"clipped":0}
{"slug":"imbalanced-classification","width":1440,"stages":9,"pairs":0,"clipped":0}
{"slug":"imbalanced-classification","width":430,"stages":9,"pairs":0,"clipped":0}
{"slug":"imbalanced-classification","width":320,"stages":9,"pairs":0,"clipped":0}
{"slug":"regression-trees","width":1440,"stages":16,"pairs":0,"clipped":0}
{"slug":"regression-trees","width":430,"stages":16,"pairs":0,"clipped":0}
{"slug":"regression-trees","width":320,"stages":16,"pairs":0,"clipped":0}
{"slug":"classification-trees","width":1440,"stages":15,"pairs":0,"clipped":0}
{"slug":"classification-trees","width":430,"stages":15,"pairs":0,"clipped":0}
{"slug":"classification-trees","width":320,"stages":15,"pairs":0,"clipped":0}
{"slug":"gradient-boosting","width":1440,"stages":9,"pairs":0,"clipped":0}
{"slug":"gradient-boosting","width":430,"stages":9,"pairs":0,"clipped":0}
{"slug":"gradient-boosting","width":320,"stages":9,"pairs":0,"clipped":0}
{"slug":"pca","width":1440,"stages":10,"pairs":0,"clipped":0}
{"slug":"pca","width":430,"stages":10,"pairs":0,"clipped":0}
{"slug":"pca","width":320,"stages":10,"pairs":0,"clipped":0}
{"slug":"hierarchical-clustering","width":1440,"stages":9,"pairs":0,"clipped":0}
{"slug":"hierarchical-clustering","width":430,"stages":9,"pairs":0,"clipped":0}
{"slug":"hierarchical-clustering","width":320,"stages":9,"pairs":0,"clipped":0}
{"slug":"data-leakage-pipelines","width":1440,"stages":9,"pairs":0,"clipped":0}
{"slug":"data-leakage-pipelines","width":430,"stages":9,"pairs":0,"clipped":0}
{"slug":"data-leakage-pipelines","width":320,"stages":9,"pairs":0,"clipped":0}
{"slug":"missing-data-encoding","width":1440,"stages":9,"pairs":0,"clipped":0}
{"slug":"missing-data-encoding","width":430,"stages":9,"pairs":0,"clipped":0}
{"slug":"missing-data-encoding","width":320,"stages":9,"pairs":0,"clipped":0}
{"slug":"experimental-design","width":1440,"stages":9,"pairs":0,"clipped":0}
{"slug":"experimental-design","width":430,"stages":9,"pairs":0,"clipped":0}
{"slug":"experimental-design","width":320,"stages":9,"pairs":0,"clipped":0}
Passed 1077 scene/viewport checks: no intersecting text boxes or clipped labels.
